mode: set
graph/repository/psql/psqltask/add_task.go:9.82,15.16 4 1
graph/repository/psql/psqltask/add_task.go:15.16,17.3 1 0
graph/repository/psql/psqltask/add_task.go:19.2,21.18 2 1
graph/repository/psql/psqltask/db.go:9.33,11.2 1 1
graph/repository/psql/psqltask/delete_task.go:8.61,11.16 3 1
graph/repository/psql/psqltask/delete_task.go:11.16,13.3 1 0
graph/repository/psql/psqltask/delete_task.go:15.2,15.12 1 1
graph/repository/psql/psqltask/existence_of_task.go:9.72,15.16 5 1
graph/repository/psql/psqltask/existence_of_task.go:15.16,16.26 1 1
graph/repository/psql/psqltask/existence_of_task.go:16.26,18.4 1 0
graph/repository/psql/psqltask/existence_of_task.go:20.3,20.54 1 1
graph/repository/psql/psqltask/existence_of_task.go:23.2,23.18 1 1
graph/repository/psql/psqltask/get_task.go:10.77,15.16 4 1
graph/repository/psql/psqltask/get_task.go:15.16,17.3 1 1
graph/repository/psql/psqltask/get_task.go:18.2,18.18 1 1
graph/repository/psql/psqltask/get_task.go:21.99,32.16 6 1
graph/repository/psql/psqltask/get_task.go:32.16,34.3 1 0
graph/repository/psql/psqltask/get_task.go:36.2,42.16 3 1
graph/repository/psql/psqltask/get_task.go:42.16,44.3 1 0
graph/repository/psql/psqltask/get_task.go:45.2,47.18 2 1
graph/repository/psql/psqltask/get_task.go:47.18,52.3 3 1
graph/repository/psql/psqltask/get_task.go:54.2,54.26 1 1
graph/repository/psql/psqltask/update_task.go:10.85,17.16 4 1
graph/repository/psql/psqltask/update_task.go:17.16,19.3 1 0
graph/repository/psql/psqltask/update_task.go:21.2,23.18 2 1
